// Jest Snapshot v1, https://goo.gl/fbAQLP

exports[`events getEvents should change path 1`] = `"/v2/events"`;
